 
Distance between is =    1 (Si), ia =    1 and
 is =    1 (Si), ia =    1 :    0.000000000    
 is =    1 (Si), ia =    2 :    4.383705788    
 
Distance between is =    1 (Si), ia =    2 and
 is =    1 (Si), ia =    1 :    4.383705788    
 is =    1 (Si), ia =    2 :    0.000000000    
