 
Species :    1 (Si), atom :    1
 n =  1, l =  0, k =  1 :   -65.59662084    
 
Species :    1 (Si), atom :    2
 n =  1, l =  0, k =  1 :   -65.59662084    
