 
+----------------------------+
| Real-space lattice vectors |
+----------------------------+
 
vector a1 :    7.158561576       0.000000000       0.000000000    
vector a2 :    3.579280788       6.199496179       0.000000000    
vector a3 :    3.579280788       2.066498726       5.844941051    
 
Stored column-wise as a matrix :
   7.158561576       3.579280788       3.579280788    
   0.000000000       6.199496179       2.066498726    
   0.000000000       0.000000000       5.844941051    
 
Inverse of matrix :
  0.1396928684     -0.8065171516E-01 -0.5702937471E-01
   0.000000000      0.1613034303     -0.5702937470E-01
   0.000000000       0.000000000      0.1710881241    
 
Unit cell volume :    259.3954161    
 
 
+----------------------------------+
| Reciprocal-space lattice vectors |
+----------------------------------+
 
vector b1 :   0.8777161781     -0.5067496717     -0.3583261292    
vector b2 :    0.000000000       1.013499343     -0.3583261292    
vector b3 :    0.000000000       0.000000000       1.074978388    
 
Stored column-wise as a matrix :
  0.8777161781       0.000000000       0.000000000    
 -0.5067496717       1.013499343       0.000000000    
 -0.3583261292     -0.3583261292       1.074978388    
 
Inverse of matrix :
   1.139320460       0.000000000       0.000000000    
  0.5696602301      0.9866804616       0.000000000    
  0.5696602301      0.3288934872      0.9302512604    
 
Brillouin zone volume :   0.9562629025    
