 
Species :    1 (Si), atom :    1
 APW functions :
  l =  0, order =  1 :   -5.100000000    
  l =  0, order =  2 :   -5.100000000    
  l =  1, order =  1 :   -3.500000000    
  l =  1, order =  2 :   -3.500000000    
  l =  2, order =  1 :    0.000000000    
  l =  2, order =  2 :    0.000000000    
  l =  3, order =  1 :    0.000000000    
  l =  3, order =  2 :    0.000000000    
  l =  4, order =  1 :    0.000000000    
  l =  4, order =  2 :    0.000000000    
  l =  5, order =  1 :    0.000000000    
  l =  5, order =  2 :    0.000000000    
  l =  6, order =  1 :    0.000000000    
  l =  6, order =  2 :    0.000000000    
  l =  7, order =  1 :    0.000000000    
  l =  7, order =  2 :    0.000000000    
  l =  8, order =  1 :    0.000000000    
  l =  8, order =  2 :    0.000000000    
  l =  9, order =  1 :    0.000000000    
  l =  9, order =  2 :    0.000000000    
  l = 10, order =  1 :    0.000000000    
  l = 10, order =  2 :    0.000000000    
  l = 11, order =  1 :    0.000000000    
  l = 11, order =  2 :    0.000000000    
  l = 12, order =  1 :    0.000000000    
  l = 12, order =  2 :    0.000000000    
 local-orbital functions :
  l.o. =  1, l =  0, order =  1 :   -5.100000000    
  l.o. =  1, l =  0, order =  2 :   -5.100000000    
  l.o. =  2, l =  0, order =  1 :   -5.100000000    
  l.o. =  2, l =  0, order =  2 :   -5.100000000    
  l.o. =  3, l =  0, order =  1 :   -5.100000000    
  l.o. =  3, l =  0, order =  2 :    0.000000000    
  l.o. =  4, l =  0, order =  1 :    0.000000000    
  l.o. =  4, l =  0, order =  2 :    0.000000000    
  l.o. =  5, l =  1, order =  1 :   -3.500000000    
  l.o. =  5, l =  1, order =  2 :   -3.500000000    
  l.o. =  6, l =  1, order =  1 :   -3.500000000    
  l.o. =  6, l =  1, order =  2 :   -3.500000000    
  l.o. =  7, l =  1, order =  1 :   -3.500000000    
  l.o. =  7, l =  1, order =  2 :    0.000000000    
  l.o. =  8, l =  1, order =  1 :    0.000000000    
  l.o. =  8, l =  1, order =  2 :    0.000000000    
  l.o. =  9, l =  2, order =  1 :    0.000000000    
  l.o. =  9, l =  2, order =  2 :    0.000000000    
  l.o. = 10, l =  2, order =  1 :    0.000000000    
  l.o. = 10, l =  2, order =  2 :    0.000000000    
  l.o. = 11, l =  3, order =  1 :    0.000000000    
  l.o. = 11, l =  3, order =  2 :    0.000000000    
  l.o. = 12, l =  3, order =  1 :    0.000000000    
  l.o. = 12, l =  3, order =  2 :    0.000000000    
 
Species :    1 (Si), atom :    2
 APW functions :
  l =  0, order =  1 :   -5.100000000    
  l =  0, order =  2 :   -5.100000000    
  l =  1, order =  1 :   -3.500000000    
  l =  1, order =  2 :   -3.500000000    
  l =  2, order =  1 :    0.000000000    
  l =  2, order =  2 :    0.000000000    
  l =  3, order =  1 :    0.000000000    
  l =  3, order =  2 :    0.000000000    
  l =  4, order =  1 :    0.000000000    
  l =  4, order =  2 :    0.000000000    
  l =  5, order =  1 :    0.000000000    
  l =  5, order =  2 :    0.000000000    
  l =  6, order =  1 :    0.000000000    
  l =  6, order =  2 :    0.000000000    
  l =  7, order =  1 :    0.000000000    
  l =  7, order =  2 :    0.000000000    
  l =  8, order =  1 :    0.000000000    
  l =  8, order =  2 :    0.000000000    
  l =  9, order =  1 :    0.000000000    
  l =  9, order =  2 :    0.000000000    
  l = 10, order =  1 :    0.000000000    
  l = 10, order =  2 :    0.000000000    
  l = 11, order =  1 :    0.000000000    
  l = 11, order =  2 :    0.000000000    
  l = 12, order =  1 :    0.000000000    
  l = 12, order =  2 :    0.000000000    
 local-orbital functions :
  l.o. =  1, l =  0, order =  1 :   -5.100000000    
  l.o. =  1, l =  0, order =  2 :   -5.100000000    
  l.o. =  2, l =  0, order =  1 :   -5.100000000    
  l.o. =  2, l =  0, order =  2 :   -5.100000000    
  l.o. =  3, l =  0, order =  1 :   -5.100000000    
  l.o. =  3, l =  0, order =  2 :    0.000000000    
  l.o. =  4, l =  0, order =  1 :    0.000000000    
  l.o. =  4, l =  0, order =  2 :    0.000000000    
  l.o. =  5, l =  1, order =  1 :   -3.500000000    
  l.o. =  5, l =  1, order =  2 :   -3.500000000    
  l.o. =  6, l =  1, order =  1 :   -3.500000000    
  l.o. =  6, l =  1, order =  2 :   -3.500000000    
  l.o. =  7, l =  1, order =  1 :   -3.500000000    
  l.o. =  7, l =  1, order =  2 :    0.000000000    
  l.o. =  8, l =  1, order =  1 :    0.000000000    
  l.o. =  8, l =  1, order =  2 :    0.000000000    
  l.o. =  9, l =  2, order =  1 :    0.000000000    
  l.o. =  9, l =  2, order =  2 :    0.000000000    
  l.o. = 10, l =  2, order =  1 :    0.000000000    
  l.o. = 10, l =  2, order =  2 :    0.000000000    
  l.o. = 11, l =  3, order =  1 :    0.000000000    
  l.o. = 11, l =  3, order =  2 :    0.000000000    
  l.o. = 12, l =  3, order =  1 :    0.000000000    
  l.o. = 12, l =  3, order =  2 :    0.000000000    
