    -580.422350699    
    -580.361353317    
    -579.902040768    
    -580.175805032    
    -580.066778073    
    -580.069615957    
    -580.069813967    
    -580.069771118    
    -580.069773590    
    -580.069773399    
    -580.069773408    
    -580.069773410    
 
